// Jest Snapshot v1, https://goo.gl/fbAQLP

exports[`<MediaButton /> component should mount correctly with menu items 1`] = `ReactWrapper {}`;
