// Jest Snapshot v1, https://goo.gl/fbAQLP

exports[`<MediaAccordionPanelMusic /> component should mount correctly with menu items 1`] = `ReactWrapper {}`;
